/conv_2d_cl_array_ap_fixed_20u_array_ap_fixed_12_2_5_3_0_10u_config4_U0/grp_dense_latency_ap_fixed_16_2_5_3_0_ap_fixed_12_2_5_3_0_config4_mult_s_fu_556/hls_cnn_2d_100s_dense_latency_ap_fixed_16_2_5_3_0_ap_fixed_12_2_5_3_0_config4_mult_s__GB11:616293126
/dense_array_ap_fixed_10u_array_ap_fixed_10_6_5_3_0_1u_config7_U0/hls_cnn_2d_100s_dense_array_ap_fixed_10u_array_ap_fixed_10_6_5_3_0_1u_config7_s__GCB3:1994083998
/dense_array_ap_fixed_10u_array_ap_fixed_10_6_5_3_0_1u_config7_U0/grp_dense_array_array_ap_fixed_10_6_5_3_0_1u_config7_Pipeline_DataPrepare_fu_10682/hls_cnn_2d_100s_dense_array_array_ap_fixed_10_6_5_3_0_1u_config7_Pipeline_DataPrepare__GB1:4089585189
/conv_2d_cl_array_ap_fixed_20u_array_ap_fixed_12_2_5_3_0_10u_config4_U0/hls_cnn_2d_100s_conv_2d_cl_array_ap_fixed_20u_array_ap_fixed_12_2_5_3_0_10u_config4_s__GC0:2388348005
/conv_2d_cl_array_ap_fixed_1u_array_ap_fixed_12_2_5_3_0_20u_config2_U0/grp_compute_output_buffer_2d_array_array_ap_fixed_12_2_5_3_0_20u_config2_s_fu_146/grp_dense_latency_ap_fixed_16_2_5_3_0_ap_fixed_12_2_5_3_0_config2_mult_s_fu_248/hls_cnn_2d_100s_dense_latency_ap_fixed_16_2_5_3_0_ap_fixed_12_2_5_3_0_config2_mult_s__GB5:2812463904
/conv_2d_cl_array_ap_fixed_20u_array_ap_fixed_12_2_5_3_0_10u_config4_U0/grp_dense_latency_ap_fixed_16_2_5_3_0_ap_fixed_12_2_5_3_0_config4_mult_s_fu_556/hls_cnn_2d_100s_dense_latency_ap_fixed_16_2_5_3_0_ap_fixed_12_2_5_3_0_config4_mult_s__GB4:1883251819
/dense_array_ap_fixed_10u_array_ap_fixed_10_6_5_3_0_1u_config7_U0/hls_cnn_2d_100s_dense_array_ap_fixed_10u_array_ap_fixed_10_6_5_3_0_1u_config7_s__GCB2:31227400
/conv_2d_cl_array_ap_fixed_20u_array_ap_fixed_12_2_5_3_0_10u_config4_U0/grp_dense_latency_ap_fixed_16_2_5_3_0_ap_fixed_12_2_5_3_0_config4_mult_s_fu_556/hls_cnn_2d_100s_dense_latency_ap_fixed_16_2_5_3_0_ap_fixed_12_2_5_3_0_config4_mult_s__GB12:3182604988
/conv_2d_cl_array_ap_fixed_20u_array_ap_fixed_12_2_5_3_0_10u_config4_U0/grp_dense_latency_ap_fixed_16_2_5_3_0_ap_fixed_12_2_5_3_0_config4_mult_s_fu_556/hls_cnn_2d_100s_dense_latency_ap_fixed_16_2_5_3_0_ap_fixed_12_2_5_3_0_config4_mult_s__GB5:122098941
/conv_2d_cl_array_ap_fixed_1u_array_ap_fixed_12_2_5_3_0_20u_config2_U0/grp_compute_output_buffer_2d_array_array_ap_fixed_12_2_5_3_0_20u_config2_s_fu_146/grp_dense_latency_ap_fixed_16_2_5_3_0_ap_fixed_12_2_5_3_0_config2_mult_s_fu_248/hls_cnn_2d_100s_dense_latency_ap_fixed_16_2_5_3_0_ap_fixed_12_2_5_3_0_config2_mult_s__GB1:2697924409
/conv_2d_cl_array_ap_fixed_20u_array_ap_fixed_12_2_5_3_0_10u_config4_U0/grp_dense_latency_ap_fixed_16_2_5_3_0_ap_fixed_12_2_5_3_0_config4_mult_s_fu_556/hls_cnn_2d_100s_dense_latency_ap_fixed_16_2_5_3_0_ap_fixed_12_2_5_3_0_config4_mult_s__GB13:3400892970
/conv_2d_cl_array_ap_fixed_1u_array_ap_fixed_12_2_5_3_0_20u_config2_U0/grp_compute_output_buffer_2d_array_array_ap_fixed_12_2_5_3_0_20u_config2_s_fu_146/grp_dense_latency_ap_fixed_16_2_5_3_0_ap_fixed_12_2_5_3_0_config2_mult_s_fu_248/hls_cnn_2d_100s_dense_latency_ap_fixed_16_2_5_3_0_ap_fixed_12_2_5_3_0_config2_mult_s__GB0:3620224943
/conv_2d_cl_array_ap_fixed_20u_array_ap_fixed_12_2_5_3_0_10u_config4_U0/grp_dense_latency_ap_fixed_16_2_5_3_0_ap_fixed_12_2_5_3_0_config4_mult_s_fu_556/hls_cnn_2d_100s_dense_latency_ap_fixed_16_2_5_3_0_ap_fixed_12_2_5_3_0_config4_mult_s__GB6:2655929671
/conv_2d_cl_array_ap_fixed_20u_array_ap_fixed_12_2_5_3_0_10u_config4_U0/grp_dense_latency_ap_fixed_16_2_5_3_0_ap_fixed_12_2_5_3_0_config4_mult_s_fu_556/hls_cnn_2d_100s_dense_latency_ap_fixed_16_2_5_3_0_ap_fixed_12_2_5_3_0_config4_mult_s__GB14:1422989193
/conv_2d_cl_array_ap_fixed_1u_array_ap_fixed_12_2_5_3_0_20u_config2_U0/hls_cnn_2d_100s_conv_2d_cl_array_ap_fixed_1u_array_ap_fixed_12_2_5_3_0_20u_config2_s__GC0:452084664
/dense_array_ap_fixed_10u_array_ap_fixed_10_6_5_3_0_1u_config7_U0/hls_cnn_2d_100s_dense_array_ap_fixed_10u_array_ap_fixed_10_6_5_3_0_1u_config7_s__GCB1:2564108210
/conv_2d_cl_array_ap_fixed_1u_array_ap_fixed_12_2_5_3_0_20u_config2_U0/grp_compute_output_buffer_2d_array_array_ap_fixed_12_2_5_3_0_20u_config2_s_fu_146/grp_dense_latency_ap_fixed_16_2_5_3_0_ap_fixed_12_2_5_3_0_config2_mult_s_fu_248/hls_cnn_2d_100s_dense_latency_ap_fixed_16_2_5_3_0_ap_fixed_12_2_5_3_0_config2_mult_s__GB3:1321299477
/conv_2d_cl_array_ap_fixed_1u_array_ap_fixed_12_2_5_3_0_20u_config2_U0/grp_compute_output_buffer_2d_array_array_ap_fixed_12_2_5_3_0_20u_config2_s_fu_146/hls_cnn_2d_100s_compute_output_buffer_2d_array_array_ap_fixed_12_2_5_3_0_20u_config2_s__GC0:4164247447
/conv_2d_cl_array_ap_fixed_20u_array_ap_fixed_12_2_5_3_0_10u_config4_U0/grp_dense_latency_ap_fixed_16_2_5_3_0_ap_fixed_12_2_5_3_0_config4_mult_s_fu_556/hls_cnn_2d_100s_dense_latency_ap_fixed_16_2_5_3_0_ap_fixed_12_2_5_3_0_config4_mult_s__GB7:3913905617
/conv_2d_cl_array_ap_fixed_20u_array_ap_fixed_12_2_5_3_0_10u_config4_U0/grp_dense_latency_ap_fixed_16_2_5_3_0_ap_fixed_12_2_5_3_0_config4_mult_s_fu_556/hls_cnn_2d_100s_dense_latency_ap_fixed_16_2_5_3_0_ap_fixed_12_2_5_3_0_config4_mult_s__GB0:1999495282
/dense_array_ap_fixed_10u_array_ap_fixed_10_6_5_3_0_1u_config7_U0/grp_dense_array_array_ap_fixed_10_6_5_3_0_1u_config7_Pipeline_DataPrepare_fu_10682/hls_cnn_2d_100s_dense_array_array_ap_fixed_10_6_5_3_0_1u_config7_Pipeline_DataPrepare__GB0:2227515059
/conv_2d_cl_array_ap_fixed_20u_array_ap_fixed_12_2_5_3_0_10u_config4_U0/grp_dense_latency_ap_fixed_16_2_5_3_0_ap_fixed_12_2_5_3_0_config4_mult_s_fu_556/hls_cnn_2d_100s_dense_latency_ap_fixed_16_2_5_3_0_ap_fixed_12_2_5_3_0_config4_mult_s__GB8:2046191680
/conv_2d_cl_array_ap_fixed_20u_array_ap_fixed_12_2_5_3_0_10u_config4_U0/grp_dense_latency_ap_fixed_16_2_5_3_0_ap_fixed_12_2_5_3_0_config4_mult_s_fu_556/hls_cnn_2d_100s_dense_latency_ap_fixed_16_2_5_3_0_ap_fixed_12_2_5_3_0_config4_mult_s__GB1:2805988
/conv_2d_cl_array_ap_fixed_20u_array_ap_fixed_12_2_5_3_0_10u_config4_U0/grp_dense_latency_ap_fixed_16_2_5_3_0_ap_fixed_12_2_5_3_0_config4_mult_s_fu_556/hls_cnn_2d_100s_dense_latency_ap_fixed_16_2_5_3_0_ap_fixed_12_2_5_3_0_config4_mult_s__GB9:250697942
/conv_2d_cl_array_ap_fixed_1u_array_ap_fixed_12_2_5_3_0_20u_config2_U0/grp_compute_output_buffer_2d_array_array_ap_fixed_12_2_5_3_0_20u_config2_s_fu_146/grp_dense_latency_ap_fixed_16_2_5_3_0_ap_fixed_12_2_5_3_0_config2_mult_s_fu_248/hls_cnn_2d_100s_dense_latency_ap_fixed_16_2_5_3_0_ap_fixed_12_2_5_3_0_config2_mult_s__GB4:3500538806
/hls_cnn_2d_100s__GC0:661377269
/conv_2d_cl_array_ap_fixed_20u_array_ap_fixed_12_2_5_3_0_10u_config4_U0/grp_dense_latency_ap_fixed_16_2_5_3_0_ap_fixed_12_2_5_3_0_config4_mult_s_fu_556/hls_cnn_2d_100s_dense_latency_ap_fixed_16_2_5_3_0_ap_fixed_12_2_5_3_0_config4_mult_s__GB2:2569240926
/dense_array_ap_fixed_10u_array_ap_fixed_10_6_5_3_0_1u_config7_U0/hls_cnn_2d_100s_dense_array_ap_fixed_10u_array_ap_fixed_10_6_5_3_0_1u_config7_s__GCB0:4023525156
/conv_2d_cl_array_ap_fixed_20u_array_ap_fixed_12_2_5_3_0_10u_config4_U0/grp_dense_latency_ap_fixed_16_2_5_3_0_ap_fixed_12_2_5_3_0_config4_mult_s_fu_556/hls_cnn_2d_100s_dense_latency_ap_fixed_16_2_5_3_0_ap_fixed_12_2_5_3_0_config4_mult_s__GB10:1404883856
/conv_2d_cl_array_ap_fixed_1u_array_ap_fixed_12_2_5_3_0_20u_config2_U0/grp_compute_output_buffer_2d_array_array_ap_fixed_12_2_5_3_0_20u_config2_s_fu_146/grp_dense_latency_ap_fixed_16_2_5_3_0_ap_fixed_12_2_5_3_0_config2_mult_s_fu_248/hls_cnn_2d_100s_dense_latency_ap_fixed_16_2_5_3_0_ap_fixed_12_2_5_3_0_config2_mult_s__GB2:969301635
/dense_array_ap_fixed_10u_array_ap_fixed_10_6_5_3_0_1u_config7_U0/hls_cnn_2d_100s_dense_array_ap_fixed_10u_array_ap_fixed_10_6_5_3_0_1u_config7_s__GCB4:3904887613
/conv_2d_cl_array_ap_fixed_20u_array_ap_fixed_12_2_5_3_0_10u_config4_U0/grp_dense_latency_ap_fixed_16_2_5_3_0_ap_fixed_12_2_5_3_0_config4_mult_s_fu_556/hls_cnn_2d_100s_dense_latency_ap_fixed_16_2_5_3_0_ap_fixed_12_2_5_3_0_config4_mult_s__GB3:3995382216
