hls_cnn_2d_100s_dense_latency_ap_fixed_16_2_5_3_0_ap_fixed_12_2_5_3_0_config2_mult_s__GB0 74B80480
hls_cnn_2d_100s_dense_latency_ap_fixed_16_2_5_3_0_ap_fixed_12_2_5_3_0_config2_mult_s__GB1 ACDB6940
hls_cnn_2d_100s_dense_latency_ap_fixed_16_2_5_3_0_ap_fixed_12_2_5_3_0_config2_mult_s__GB2 739C4440
hls_cnn_2d_100s_dense_latency_ap_fixed_16_2_5_3_0_ap_fixed_12_2_5_3_0_config2_mult_s__GB3 6C686120
hls_cnn_2d_100s_dense_latency_ap_fixed_16_2_5_3_0_ap_fixed_12_2_5_3_0_config2_mult_s__GB4 55C53AE0
hls_cnn_2d_100s_dense_latency_ap_fixed_16_2_5_3_0_ap_fixed_12_2_5_3_0_config2_mult_s__GB5 7AEF3820
hls_cnn_2d_100s_compute_output_buffer_2d_array_array_ap_fixed_12_2_5_3_0_20u_config2_s__GC0 44963A20
hls_cnn_2d_100s_conv_2d_cl_array_ap_fixed_1u_array_ap_fixed_12_2_5_3_0_20u_config2_s__GC0 677C4D40
hls_cnn_2d_100s_dense_latency_ap_fixed_16_2_5_3_0_ap_fixed_12_2_5_3_0_config4_mult_s__GB0 66CF5580
hls_cnn_2d_100s_dense_latency_ap_fixed_16_2_5_3_0_ap_fixed_12_2_5_3_0_config4_mult_s__GB1 94B9F340
hls_cnn_2d_100s_dense_latency_ap_fixed_16_2_5_3_0_ap_fixed_12_2_5_3_0_config4_mult_s__GB2 982CF5A0
hls_cnn_2d_100s_dense_latency_ap_fixed_16_2_5_3_0_ap_fixed_12_2_5_3_0_config4_mult_s__GB3 8EDEE560
hls_cnn_2d_100s_dense_latency_ap_fixed_16_2_5_3_0_ap_fixed_12_2_5_3_0_config4_mult_s__GB4 8E69C360
hls_cnn_2d_100s_dense_latency_ap_fixed_16_2_5_3_0_ap_fixed_12_2_5_3_0_config4_mult_s__GB5 8EF3CBC0
hls_cnn_2d_100s_dense_latency_ap_fixed_16_2_5_3_0_ap_fixed_12_2_5_3_0_config4_mult_s__GB6 41AB4640
hls_cnn_2d_100s_dense_latency_ap_fixed_16_2_5_3_0_ap_fixed_12_2_5_3_0_config4_mult_s__GB7 A995C4A0
hls_cnn_2d_100s_dense_latency_ap_fixed_16_2_5_3_0_ap_fixed_12_2_5_3_0_config4_mult_s__GB8 71F549A0
hls_cnn_2d_100s_dense_latency_ap_fixed_16_2_5_3_0_ap_fixed_12_2_5_3_0_config4_mult_s__GB9 47901DE0
hls_cnn_2d_100s_dense_latency_ap_fixed_16_2_5_3_0_ap_fixed_12_2_5_3_0_config4_mult_s__GB10 726591E0
hls_cnn_2d_100s_dense_latency_ap_fixed_16_2_5_3_0_ap_fixed_12_2_5_3_0_config4_mult_s__GB11 992DBA20
hls_cnn_2d_100s_dense_latency_ap_fixed_16_2_5_3_0_ap_fixed_12_2_5_3_0_config4_mult_s__GB12 66B8F400
hls_cnn_2d_100s_dense_latency_ap_fixed_16_2_5_3_0_ap_fixed_12_2_5_3_0_config4_mult_s__GB13 9910E2E0
hls_cnn_2d_100s_dense_latency_ap_fixed_16_2_5_3_0_ap_fixed_12_2_5_3_0_config4_mult_s__GB14 8F96A3E0
hls_cnn_2d_100s_conv_2d_cl_array_ap_fixed_20u_array_ap_fixed_12_2_5_3_0_10u_config4_s__GC0 42EFD9E0
hls_cnn_2d_100s_dense_array_array_ap_fixed_10_6_5_3_0_1u_config7_Pipeline_DataPrepare__GB0 5BB32F60
hls_cnn_2d_100s_dense_array_array_ap_fixed_10_6_5_3_0_1u_config7_Pipeline_DataPrepare__GB1 AB6FB8E0
hls_cnn_2d_100s_dense_array_ap_fixed_10u_array_ap_fixed_10_6_5_3_0_1u_config7_s__GCB0 AB661860
hls_cnn_2d_100s_dense_array_ap_fixed_10u_array_ap_fixed_10_6_5_3_0_1u_config7_s__GCB1 84BF5D60
hls_cnn_2d_100s_dense_array_ap_fixed_10u_array_ap_fixed_10_6_5_3_0_1u_config7_s__GCB2 A53E03E0
hls_cnn_2d_100s_dense_array_ap_fixed_10u_array_ap_fixed_10_6_5_3_0_1u_config7_s__GCB3 AF7A8E80
hls_cnn_2d_100s_dense_array_ap_fixed_10u_array_ap_fixed_10_6_5_3_0_1u_config7_s__GCB4 AEC367A0
hls_cnn_2d_100s__GC0 8481C760
