#-----------------------------------------------------------
# Vivado v2023.2 (64-bit)
# SW Build 4029153 on Fri Oct 13 20:13:54 MDT 2023
# IP Build 4028589 on Sat Oct 14 00:45:43 MDT 2023
# SharedData Build 4025554 on Tue Oct 10 17:18:54 MDT 2023
# Start of session at: Tue Oct 21 15:09:51 2025
# Process ID: 826738
# Current directory: /home/work1/Work/CNN_iCube_FPGA_b/hls_cnn_2d_100s
# Command line: vivado
# Log file: /home/work1/Work/CNN_iCube_FPGA_b/hls_cnn_2d_100s/vivado.log
# Journal file: /home/work1/Work/CNN_iCube_FPGA_b/hls_cnn_2d_100s/vivado.jou
# Running On: dhcp-172-31-205-022.mobile.uci.edu, OS: Linux, CPU Frequency: 1307.012 MHz, CPU Physical cores: 24, Host memory: 16427 MB
#-----------------------------------------------------------
start_gui
open_project /home/work1/Work/CNN_iCube_FPGA_b/CNN_iCube_FPGA_b1/CNN_iCube_FPGA_b1.xpr
update_compile_order -fileset sources_1
launch_simulation
source tb_CNN4HW.tcl
run 39us
run 10us
run 10us
close_sim
launch_simulation
source tb_CNN4HW.tcl
run 50us
close_sim
launch_simulation
source tb_CNN4HW.tcl
run 50us
close_sim
launch_simulation
source tb_CNN4HW.tcl
run 50us
close_sim
launch_simulation
source tb_CNN4HW.tcl
run 50us
close_sim
launch_simulation
source tb_CNN4HW.tcl
run 50us
close_sim
launch_simulation
source tb_CNN4HW.tcl
run 50us
close_sim
set_property source_mgmt_mode DisplayOnly [current_project]
current_fileset -simset [ get_filesets sim_2 ]
launch_simulation -simset [get_filesets sim_2 ]
source tb_CNN4HW_stream.tcl
run 600us
close_sim
close_sim
close_sim -force
launch_simulation -simset [get_filesets sim_2 ]
source tb_CNN4HW_stream.tcl
run 600us
close_sim
current_fileset -simset [ get_filesets sim_1 ]
launch_simulation
source tb_CNN4HW.tcl
run 60us
close+sim
close_sim
current_fileset -simset [ get_filesets sim_2 ]
launch_simulation -simset [get_filesets sim_2 ]
source tb_CNN4HW_stream.tcl
run 60us
close_sim
launch_simulation -simset [get_filesets sim_2 ]
source tb_CNN4HW_stream.tcl
run 60us
close_sim
launch_simulation -simset [get_filesets sim_2 ]
source tb_CNN4HW_stream.tcl
run 80us
close_sim
launch_simulation -simset [get_filesets sim_2 ]
source tb_CNN4HW_stream.tcl
run 100us
close_sim
update_files -from_files /home/work1/Work/CNN_iCube_FPGA_b/CNN_iCube_FPGA_b1/CNN_iCube_FPGA_b1.srcs/sim_2/imports/new/tb_CNN4HW_stream.v -to_files /home/work1/Work/CNN_iCube_FPGA_b/CNN_iCube_FPGA_b1/CNN_iCube_FPGA_b1.srcs/sim_2/imports/new/tb_CNN4HW_stream.v -filesets [get_filesets *]
current_fileset -simset [ get_filesets sim_1 ]
delete_fileset [ get_filesets sim_2 ]
create_fileset -simset sim_2
set_property SOURCE_SET sources_1 [get_filesets sim_2]
add_files -fileset sim_2 -norecurse -scan_for_includes /home/work1/Work/CNN_iCube_FPGA_b/CNN_iCube_FPGA_b1/CNN_iCube_FPGA_b1.srcs/sim_2/imports/new/tb_CNN4HW_stream.v
import_files -fileset sim_2 -norecurse /home/work1/Work/CNN_iCube_FPGA_b/CNN_iCube_FPGA_b1/CNN_iCube_FPGA_b1.srcs/sim_2/imports/new/tb_CNN4HW_stream.v
close_sim
launch_simulation
source tb_CNN4HW.tcl
close_sim
current_fileset -simset [ get_filesets sim_2 ]
# Disabling source management mode.  This is to allow the top design properties to be set without GUI intervention.
set_property source_mgmt_mode None [current_project]
set_property top tb_CNN4HW [get_filesets sim_2]
set_property top_lib xil_defaultlib [get_filesets sim_2]
# Re-enabling previously disabled source management mode.
set_property source_mgmt_mode DisplayOnly [current_project]
launch_simulation -simset [get_filesets sim_2 ]
source tb_CNN4HW.tcl
run 100ns
close_sim
launch_simulation -simset [get_filesets sim_2 ]
source tb_CNN4HW.tcl
close_sim
launch_simulation -simset [get_filesets sim_2 ]
source tb_CNN4HW.tcl
close_sim
launch_simulation -simset [get_filesets sim_2 ]
source tb_CNN4HW.tcl
run 80us
run 50us
run 50us
close_sim
launch_simulation -simset [get_filesets sim_2 ]
source tb_CNN4HW.tcl
run 150us
close_sim
launch_simulation -simset [get_filesets sim_2 ]
source tb_CNN4HW.tcl
run 150us
close_sim
launch_simulation -simset [get_filesets sim_2 ]
source tb_CNN4HW.tcl
run 100us
close_sim
launch_simulation -simset [get_filesets sim_2 ]
source tb_CNN4HW.tcl
run 100us
close_sim
launch_simulation -simset [get_filesets sim_2 ]
source tb_CNN4HW.tcl
run 100us
run 100us
close_sim
current_fileset -simset [ get_filesets sim_1 ]
launch_simulation
source tb_CNN4HW.tcl
close_sim
launch_simulation
source tb_CNN4HW.tcl
close_sim
launch_simulation
source tb_CNN4HW.tcl
run 50us
close_sim
current_fileset -simset [ get_filesets sim_2 ]
launch_simulation -simset [get_filesets sim_2 ]
source tb_CNN4HW.tcl
run 5ns
run 5ns
close_sim
launch_simulation -simset [get_filesets sim_2 ]
source tb_CNN4HW.tcl
run 5000us
close_sim
launch_simulation -simset [get_filesets sim_2 ]
source tb_CNN4HW.tcl
run 1500us
run all
open_hw_manager
close_sim
