

================================================================
== Vitis HLS Report for 'hls_cnn_2d_100s'
================================================================
* Date:           Sun Oct 19 15:32:05 2025

* Version:        2023.2 (Build 4023990 on Oct 11 2023)
* Project:        hls_cnn_2d_100s_prj
* Solution:       solution1 (Vivado IP Flow Target)
* Product family: kintexuplus
* Target device:  xcku5p-ffvb676-2-e


================================================================
== Performance Estimates
================================================================
+ Timing: 
    * Summary: 
    +--------+---------+----------+------------+
    |  Clock |  Target | Estimated| Uncertainty|
    +--------+---------+----------+------------+
    |ap_clk  |  5.00 ns|  4.288 ns|     0.62 ns|
    +--------+---------+----------+------------+

+ Latency: 
    * Summary: 
    +---------+---------+-----------+-----------+------+------+----------+
    |  Latency (cycles) |   Latency (absolute)  |   Interval  | Pipeline |
    |   min   |   max   |    min    |    max    |  min |  max |   Type   |
    +---------+---------+-----------+-----------+------+------+----------+
    |     6170|     6170|  30.850 us|  30.850 us|  6148|  6148|  dataflow|
    +---------+---------+-----------+-----------+------+------+----------+

    + Detail: 
        * Instance: 
        +------------------------------------------------------------------------+-----------------------------------------------------------------------+---------+---------+-----------+-----------+------+------+---------+
        |                                                                        |                                                                       |  Latency (cycles) |   Latency (absolute)  |   Interval  | Pipeline|
        |                                Instance                                |                                 Module                                |   min   |   max   |    min    |    max    |  min |  max |   Type  |
        +------------------------------------------------------------------------+-----------------------------------------------------------------------+---------+---------+-----------+-----------+------+------+---------+
        |conv_2d_cl_array_ap_fixed_1u_array_ap_fixed_12_2_5_3_0_20u_config2_U0   |conv_2d_cl_array_ap_fixed_1u_array_ap_fixed_12_2_5_3_0_20u_config2_s   |     6147|     6147|  30.735 us|  30.735 us|  6147|  6147|       no|
        |relu_array_ap_fixed_20u_array_ap_fixed_16_2_5_3_0_20u_relu_config3_U0   |relu_array_ap_fixed_20u_array_ap_fixed_16_2_5_3_0_20u_relu_config3_s   |      250|      250|   1.250 us|   1.250 us|   250|   250|       no|
        |conv_2d_cl_array_ap_fixed_20u_array_ap_fixed_12_2_5_3_0_10u_config4_U0  |conv_2d_cl_array_ap_fixed_20u_array_ap_fixed_12_2_5_3_0_10u_config4_s  |     4449|     4449|  22.245 us|  22.245 us|  4449|  4449|       no|
        |relu_array_ap_fixed_10u_array_ap_fixed_16_2_5_3_0_10u_relu_config5_U0   |relu_array_ap_fixed_10u_array_ap_fixed_16_2_5_3_0_10u_relu_config5_s   |      241|      241|   1.205 us|   1.205 us|   241|   241|       no|
        |dense_array_ap_fixed_10u_array_ap_fixed_10_6_5_3_0_1u_config7_U0        |dense_array_ap_fixed_10u_array_ap_fixed_10_6_5_3_0_1u_config7_s        |      280|      280|   1.400 us|   1.400 us|   280|   280|       no|
        |sigmoid_array_array_ap_fixed_16_2_5_3_0_1u_sigmoid_config8_U0           |sigmoid_array_array_ap_fixed_16_2_5_3_0_1u_sigmoid_config8_s           |        3|        3|  15.000 ns|  15.000 ns|     3|     3|       no|
        +------------------------------------------------------------------------+-----------------------------------------------------------------------+---------+---------+-----------+-----------+------+------+---------+

        * Loop: 
        N/A



================================================================
== Utilization Estimates
================================================================
* Summary: 
+-----------------+---------+------+--------+--------+-----+
|       Name      | BRAM_18K|  DSP |   FF   |   LUT  | URAM|
+-----------------+---------+------+--------+--------+-----+
|DSP              |        -|     -|       -|       -|    -|
|Expression       |        -|     -|       0|       2|    -|
|FIFO             |       48|     -|     737|     297|    -|
|Instance         |      141|   395|  115861|  105963|    -|
|Memory           |        -|     -|       -|       -|    -|
|Multiplexer      |        -|     -|       -|       -|    -|
|Register         |        -|     -|       -|       -|    -|
+-----------------+---------+------+--------+--------+-----+
|Total            |      189|   395|  116598|  106262|    0|
+-----------------+---------+------+--------+--------+-----+
|Available        |      960|  1824|  433920|  216960|   64|
+-----------------+---------+------+--------+--------+-----+
|Utilization (%)  |       19|    21|      26|      48|    0|
+-----------------+---------+------+--------+--------+-----+

+ Detail: 
    * Instance: 
    +------------------------------------------------------------------------+-----------------------------------------------------------------------+---------+-----+-------+-------+-----+
    |                                Instance                                |                                 Module                                | BRAM_18K| DSP |   FF  |  LUT  | URAM|
    +------------------------------------------------------------------------+-----------------------------------------------------------------------+---------+-----+-------+-------+-----+
    |conv_2d_cl_array_ap_fixed_1u_array_ap_fixed_12_2_5_3_0_20u_config2_U0   |conv_2d_cl_array_ap_fixed_1u_array_ap_fixed_12_2_5_3_0_20u_config2_s   |        0|  200|  10321|  29414|    0|
    |conv_2d_cl_array_ap_fixed_20u_array_ap_fixed_12_2_5_3_0_10u_config4_U0  |conv_2d_cl_array_ap_fixed_20u_array_ap_fixed_12_2_5_3_0_10u_config4_s  |        0|  125|  26701|  61120|    0|
    |dense_array_ap_fixed_10u_array_ap_fixed_10_6_5_3_0_1u_config7_U0        |dense_array_ap_fixed_10u_array_ap_fixed_10_6_5_3_0_1u_config7_s        |      140|   70|  78436|  14108|    0|
    |relu_array_ap_fixed_10u_array_ap_fixed_16_2_5_3_0_10u_relu_config5_U0   |relu_array_ap_fixed_10u_array_ap_fixed_16_2_5_3_0_10u_relu_config5_s   |        0|    0|    134|    439|    0|
    |relu_array_ap_fixed_20u_array_ap_fixed_16_2_5_3_0_20u_relu_config3_U0   |relu_array_ap_fixed_20u_array_ap_fixed_16_2_5_3_0_20u_relu_config3_s   |        0|    0|    254|    779|    0|
    |sigmoid_array_array_ap_fixed_16_2_5_3_0_1u_sigmoid_config8_U0           |sigmoid_array_array_ap_fixed_16_2_5_3_0_1u_sigmoid_config8_s           |        1|    0|     15|    103|    0|
    +------------------------------------------------------------------------+-----------------------------------------------------------------------+---------+-----+-------+-------+-----+
    |Total                                                                   |                                                                       |      141|  395| 115861| 105963|    0|
    +------------------------------------------------------------------------+-----------------------------------------------------------------------+---------+-----+-------+-------+-----+

    * DSP: 
    N/A

    * Memory: 
    N/A

    * FIFO: 
    +--------------+---------+-----+----+-----+------+-----+---------+
    |     Name     | BRAM_18K|  FF | LUT| URAM| Depth| Bits| Size:D*B|
    +--------------+---------+-----+----+-----+------+-----+---------+
    |layer2_out_U  |       14|  159|   0|    -|   247|  240|    59280|
    |layer3_out_U  |       18|  159|   0|    -|   247|  320|    79040|
    |layer4_out_U  |        7|  160|   0|    -|   238|  120|    28560|
    |layer5_out_U  |        9|  160|   0|    -|   238|  160|    38080|
    |layer7_out_U  |        0|   99|   0|    -|     1|   10|       10|
    +--------------+---------+-----+----+-----+------+-----+---------+
    |Total         |       48|  737|   0|    0|   971|  850|   204970|
    +--------------+---------+-----+----+-----+------+-----+---------+

    * Expression: 
    +--------------+----------+----+---+----+------------+------------+
    | Variable Name| Operation| DSP| FF| LUT| Bitwidth P0| Bitwidth P1|
    +--------------+----------+----+---+----+------------+------------+
    |ap_idle       |       and|   0|  0|   2|           1|           1|
    +--------------+----------+----+---+----+------------+------------+
    |Total         |          |   0|  0|   2|           1|           1|
    +--------------+----------+----+---+----+------------+------------+

    * Multiplexer: 
    N/A

    * Register: 
    N/A



================================================================
== Interface
================================================================
* Summary: 
+-------------------+-----+-----+------------+-----------------+--------------+
|     RTL Ports     | Dir | Bits|  Protocol  |  Source Object  |    C Type    |
+-------------------+-----+-----+------------+-----------------+--------------+
|input_1_TDATA      |   in|   16|        axis|          input_1|       pointer|
|input_1_TVALID     |   in|    1|        axis|          input_1|       pointer|
|input_1_TREADY     |  out|    1|        axis|          input_1|       pointer|
|layer8_out_TDATA   |  out|   16|        axis|       layer8_out|       pointer|
|layer8_out_TVALID  |  out|    1|        axis|       layer8_out|       pointer|
|layer8_out_TREADY  |   in|    1|        axis|       layer8_out|       pointer|
|ap_clk             |   in|    1|  ap_ctrl_hs|  hls_cnn_2d_100s|  return value|
|ap_rst_n           |   in|    1|  ap_ctrl_hs|  hls_cnn_2d_100s|  return value|
|ap_start           |   in|    1|  ap_ctrl_hs|  hls_cnn_2d_100s|  return value|
|ap_done            |  out|    1|  ap_ctrl_hs|  hls_cnn_2d_100s|  return value|
|ap_ready           |  out|    1|  ap_ctrl_hs|  hls_cnn_2d_100s|  return value|
|ap_idle            |  out|    1|  ap_ctrl_hs|  hls_cnn_2d_100s|  return value|
+-------------------+-----+-----+------------+-----------------+--------------+

