

================================================================
== Vitis HLS Report for 'relu_array_ap_fixed_20u_array_ap_fixed_16_2_5_3_0_20u_relu_config3_s'
================================================================
* Date:           Sun Oct 19 15:31:48 2025

* Version:        2023.2 (Build 4023990 on Oct 11 2023)
* Project:        hls_cnn_2d_100s_prj
* Solution:       solution1 (Vivado IP Flow Target)
* Product family: kintexuplus
* Target device:  xcku5p-ffvb676-2-e


================================================================
== Performance Estimates
================================================================
+ Timing: 
    * Summary: 
    +--------+---------+----------+------------+
    |  Clock |  Target | Estimated| Uncertainty|
    +--------+---------+----------+------------+
    |ap_clk  |  5.00 ns|  2.477 ns|     0.62 ns|
    +--------+---------+----------+------------+

+ Latency: 
    * Summary: 
    +---------+---------+----------+----------+-----+-----+---------+
    |  Latency (cycles) |  Latency (absolute) |  Interval | Pipeline|
    |   min   |   max   |    min   |    max   | min | max |   Type  |
    +---------+---------+----------+----------+-----+-----+---------+
    |      250|      250|  1.250 us|  1.250 us|  250|  250|       no|
    +---------+---------+----------+----------+-----+-----+---------+

    + Detail: 
        * Instance: 
        N/A

        * Loop: 
        +---------------+---------+---------+----------+-----------+-----------+------+----------+
        |               |  Latency (cycles) | Iteration|  Initiation Interval  | Trip |          |
        |   Loop Name   |   min   |   max   |  Latency |  achieved |   target  | Count| Pipelined|
        +---------------+---------+---------+----------+-----------+-----------+------+----------+
        |- ReLUActLoop  |      248|      248|         3|          1|          1|   247|       yes|
        +---------------+---------+---------+----------+-----------+-----------+------+----------+



================================================================
== Utilization Estimates
================================================================
* Summary: 
+-----------------+---------+------+--------+--------+-----+
|       Name      | BRAM_18K|  DSP |   FF   |   LUT  | URAM|
+-----------------+---------+------+--------+--------+-----+
|DSP              |        -|     -|       -|       -|    -|
|Expression       |        -|     -|       0|     716|    -|
|FIFO             |        -|     -|       -|       -|    -|
|Instance         |        -|     -|       -|       -|    -|
|Memory           |        -|     -|       -|       -|    -|
|Multiplexer      |        -|     -|       -|      63|    -|
|Register         |        -|     -|     254|       -|    -|
+-----------------+---------+------+--------+--------+-----+
|Total            |        0|     0|     254|     779|    0|
+-----------------+---------+------+--------+--------+-----+
|Available        |      960|  1824|  433920|  216960|   64|
+-----------------+---------+------+--------+--------+-----+
|Utilization (%)  |        0|     0|      ~0|      ~0|    0|
+-----------------+---------+------+--------+--------+-----+

+ Detail: 
    * Instance: 
    N/A

    * DSP: 
    N/A

    * Memory: 
    N/A

    * FIFO: 
    N/A

    * Expression: 
    +---------------------------+----------+----+---+----+------------+------------+
    |       Variable Name       | Operation| DSP| FF| LUT| Bitwidth P0| Bitwidth P1|
    +---------------------------+----------+----+---+----+------------+------------+
    |i_2_fu_195_p2              |         +|   0|  0|  15|           8|           1|
    |ap_condition_193           |       and|   0|  0|   2|           1|           1|
    |icmp_ln41_fu_189_p2        |      icmp|   0|  0|  15|           8|           5|
    |icmp_ln51_10_fu_554_p2     |      icmp|   0|  0|  19|          12|           1|
    |icmp_ln51_11_fu_570_p2     |      icmp|   0|  0|  19|          12|           1|
    |icmp_ln51_12_fu_586_p2     |      icmp|   0|  0|  19|          12|           1|
    |icmp_ln51_13_fu_602_p2     |      icmp|   0|  0|  19|          12|           1|
    |icmp_ln51_14_fu_618_p2     |      icmp|   0|  0|  19|          12|           1|
    |icmp_ln51_15_fu_634_p2     |      icmp|   0|  0|  19|          12|           1|
    |icmp_ln51_16_fu_650_p2     |      icmp|   0|  0|  19|          12|           1|
    |icmp_ln51_17_fu_666_p2     |      icmp|   0|  0|  19|          12|           1|
    |icmp_ln51_18_fu_682_p2     |      icmp|   0|  0|  19|          12|           1|
    |icmp_ln51_19_fu_698_p2     |      icmp|   0|  0|  19|          12|           1|
    |icmp_ln51_1_fu_410_p2      |      icmp|   0|  0|  19|          12|           1|
    |icmp_ln51_2_fu_426_p2      |      icmp|   0|  0|  19|          12|           1|
    |icmp_ln51_3_fu_442_p2      |      icmp|   0|  0|  19|          12|           1|
    |icmp_ln51_4_fu_458_p2      |      icmp|   0|  0|  19|          12|           1|
    |icmp_ln51_5_fu_474_p2      |      icmp|   0|  0|  19|          12|           1|
    |icmp_ln51_6_fu_490_p2      |      icmp|   0|  0|  19|          12|           1|
    |icmp_ln51_7_fu_506_p2      |      icmp|   0|  0|  19|          12|           1|
    |icmp_ln51_8_fu_522_p2      |      icmp|   0|  0|  19|          12|           1|
    |icmp_ln51_9_fu_538_p2      |      icmp|   0|  0|  19|          12|           1|
    |icmp_ln51_fu_400_p2        |      icmp|   0|  0|  19|          12|           1|
    |ap_block_pp0_stage0_01001  |        or|   0|  0|   2|           1|           1|
    |out_data_1_fu_721_p3       |    select|   0|  0|  15|           1|          15|
    |out_data_3_fu_739_p3       |    select|   0|  0|  15|           1|          15|
    |out_data_5_fu_757_p3       |    select|   0|  0|  15|           1|          15|
    |out_data_7_fu_775_p3       |    select|   0|  0|  15|           1|          15|
    |select_ln51_10_fu_973_p3   |    select|   0|  0|  15|           1|          15|
    |select_ln51_11_fu_991_p3   |    select|   0|  0|  15|           1|          15|
    |select_ln51_12_fu_1009_p3  |    select|   0|  0|  15|           1|          15|
    |select_ln51_13_fu_1027_p3  |    select|   0|  0|  15|           1|          15|
    |select_ln51_14_fu_1045_p3  |    select|   0|  0|  15|           1|          15|
    |select_ln51_15_fu_1063_p3  |    select|   0|  0|  15|           1|          15|
    |select_ln51_1_fu_811_p3    |    select|   0|  0|  15|           1|          15|
    |select_ln51_2_fu_829_p3    |    select|   0|  0|  15|           1|          15|
    |select_ln51_3_fu_847_p3    |    select|   0|  0|  15|           1|          15|
    |select_ln51_4_fu_865_p3    |    select|   0|  0|  15|           1|          15|
    |select_ln51_5_fu_883_p3    |    select|   0|  0|  15|           1|          15|
    |select_ln51_6_fu_901_p3    |    select|   0|  0|  15|           1|          15|
    |select_ln51_7_fu_919_p3    |    select|   0|  0|  15|           1|          15|
    |select_ln51_8_fu_937_p3    |    select|   0|  0|  15|           1|          15|
    |select_ln51_9_fu_955_p3    |    select|   0|  0|  15|           1|          15|
    |select_ln51_fu_793_p3      |    select|   0|  0|  15|           1|          15|
    |ap_enable_pp0              |       xor|   0|  0|   2|           1|           2|
    +---------------------------+----------+----+---+----+------------+------------+
    |Total                      |          |   0|  0| 716|         279|         330|
    +---------------------------+----------+----+---+----+------------+------------+

    * Multiplexer: 
    +-------------------------+----+-----------+-----+-----------+
    |           Name          | LUT| Input Size| Bits| Total Bits|
    +-------------------------+----+-----------+-----+-----------+
    |ap_done_int              |   9|          2|    1|          2|
    |ap_enable_reg_pp0_iter1  |   9|          2|    1|          2|
    |ap_sig_allocacmp_i_1     |   9|          2|    8|         16|
    |i_fu_164                 |   9|          2|    8|         16|
    |layer2_out_blk_n         |   9|          2|    1|          2|
    |layer3_out_blk_n         |   9|          2|    1|          2|
    |real_start               |   9|          2|    1|          2|
    +-------------------------+----+-----------+-----+-----------+
    |Total                    |  63|         14|   21|         42|
    +-------------------------+----+-----------+-----+-----------+

    * Register: 
    +----------------------------------+----+----+-----+-----------+
    |               Name               | FF | LUT| Bits| Const Bits|
    +----------------------------------+----+----+-----+-----------+
    |ap_CS_fsm                         |   1|   0|    1|          0|
    |ap_done_reg                       |   1|   0|    1|          0|
    |ap_enable_reg_pp0_iter1           |   1|   0|    1|          0|
    |ap_enable_reg_pp0_iter2           |   1|   0|    1|          0|
    |ap_loop_exit_ready_pp0_iter1_reg  |   1|   0|    1|          0|
    |i_fu_164                          |   8|   0|    8|          0|
    |icmp_ln51_10_reg_1230             |   1|   0|    1|          0|
    |icmp_ln51_11_reg_1240             |   1|   0|    1|          0|
    |icmp_ln51_12_reg_1250             |   1|   0|    1|          0|
    |icmp_ln51_13_reg_1260             |   1|   0|    1|          0|
    |icmp_ln51_14_reg_1270             |   1|   0|    1|          0|
    |icmp_ln51_15_reg_1280             |   1|   0|    1|          0|
    |icmp_ln51_16_reg_1290             |   1|   0|    1|          0|
    |icmp_ln51_17_reg_1300             |   1|   0|    1|          0|
    |icmp_ln51_18_reg_1310             |   1|   0|    1|          0|
    |icmp_ln51_19_reg_1320             |   1|   0|    1|          0|
    |icmp_ln51_1_reg_1140              |   1|   0|    1|          0|
    |icmp_ln51_2_reg_1150              |   1|   0|    1|          0|
    |icmp_ln51_3_reg_1160              |   1|   0|    1|          0|
    |icmp_ln51_4_reg_1170              |   1|   0|    1|          0|
    |icmp_ln51_5_reg_1180              |   1|   0|    1|          0|
    |icmp_ln51_6_reg_1190              |   1|   0|    1|          0|
    |icmp_ln51_7_reg_1200              |   1|   0|    1|          0|
    |icmp_ln51_8_reg_1210              |   1|   0|    1|          0|
    |icmp_ln51_9_reg_1220              |   1|   0|    1|          0|
    |icmp_ln51_reg_1130                |   1|   0|    1|          0|
    |start_once_reg                    |   1|   0|    1|          0|
    |tmp_10_reg_1245                   |  11|   0|   11|          0|
    |tmp_11_reg_1255                   |  11|   0|   11|          0|
    |tmp_12_reg_1265                   |  11|   0|   11|          0|
    |tmp_13_reg_1275                   |  11|   0|   11|          0|
    |tmp_14_reg_1285                   |  11|   0|   11|          0|
    |tmp_15_reg_1295                   |  11|   0|   11|          0|
    |tmp_16_reg_1305                   |  11|   0|   11|          0|
    |tmp_17_reg_1315                   |  11|   0|   11|          0|
    |tmp_18_reg_1325                   |  11|   0|   11|          0|
    |tmp_1_reg_1145                    |  11|   0|   11|          0|
    |tmp_2_reg_1155                    |  11|   0|   11|          0|
    |tmp_3_reg_1165                    |  11|   0|   11|          0|
    |tmp_4_reg_1175                    |  11|   0|   11|          0|
    |tmp_5_reg_1185                    |  11|   0|   11|          0|
    |tmp_6_reg_1195                    |  11|   0|   11|          0|
    |tmp_7_reg_1205                    |  11|   0|   11|          0|
    |tmp_8_reg_1215                    |  11|   0|   11|          0|
    |tmp_9_reg_1225                    |  11|   0|   11|          0|
    |tmp_s_reg_1235                    |  11|   0|   11|          0|
    |trunc_ln52_reg_1135               |  11|   0|   11|          0|
    +----------------------------------+----+----+-----+-----------+
    |Total                             | 254|   0|  254|          0|
    +----------------------------------+----+----+-----+-----------+



================================================================
== Interface
================================================================
* Summary: 
+---------------------------+-----+-----+------------+------------------------------------------------------------------------+--------------+
|         RTL Ports         | Dir | Bits|  Protocol  |                              Source Object                             |    C Type    |
+---------------------------+-----+-----+------------+------------------------------------------------------------------------+--------------+
|ap_clk                     |   in|    1|  ap_ctrl_hs|  relu<array<ap_fixed,20u>,array<ap_fixed<16,2,5,3,0>,20u>,relu_config3>|  return value|
|ap_rst                     |   in|    1|  ap_ctrl_hs|  relu<array<ap_fixed,20u>,array<ap_fixed<16,2,5,3,0>,20u>,relu_config3>|  return value|
|ap_start                   |   in|    1|  ap_ctrl_hs|  relu<array<ap_fixed,20u>,array<ap_fixed<16,2,5,3,0>,20u>,relu_config3>|  return value|
|start_full_n               |   in|    1|  ap_ctrl_hs|  relu<array<ap_fixed,20u>,array<ap_fixed<16,2,5,3,0>,20u>,relu_config3>|  return value|
|ap_done                    |  out|    1|  ap_ctrl_hs|  relu<array<ap_fixed,20u>,array<ap_fixed<16,2,5,3,0>,20u>,relu_config3>|  return value|
|ap_continue                |   in|    1|  ap_ctrl_hs|  relu<array<ap_fixed,20u>,array<ap_fixed<16,2,5,3,0>,20u>,relu_config3>|  return value|
|ap_idle                    |  out|    1|  ap_ctrl_hs|  relu<array<ap_fixed,20u>,array<ap_fixed<16,2,5,3,0>,20u>,relu_config3>|  return value|
|ap_ready                   |  out|    1|  ap_ctrl_hs|  relu<array<ap_fixed,20u>,array<ap_fixed<16,2,5,3,0>,20u>,relu_config3>|  return value|
|start_out                  |  out|    1|  ap_ctrl_hs|  relu<array<ap_fixed,20u>,array<ap_fixed<16,2,5,3,0>,20u>,relu_config3>|  return value|
|start_write                |  out|    1|  ap_ctrl_hs|  relu<array<ap_fixed,20u>,array<ap_fixed<16,2,5,3,0>,20u>,relu_config3>|  return value|
|layer2_out_dout            |   in|  240|     ap_fifo|                                                              layer2_out|       pointer|
|layer2_out_num_data_valid  |   in|    9|     ap_fifo|                                                              layer2_out|       pointer|
|layer2_out_fifo_cap        |   in|    9|     ap_fifo|                                                              layer2_out|       pointer|
|layer2_out_empty_n         |   in|    1|     ap_fifo|                                                              layer2_out|       pointer|
|layer2_out_read            |  out|    1|     ap_fifo|                                                              layer2_out|       pointer|
|layer3_out_din             |  out|  320|     ap_fifo|                                                              layer3_out|       pointer|
|layer3_out_num_data_valid  |   in|    9|     ap_fifo|                                                              layer3_out|       pointer|
|layer3_out_fifo_cap        |   in|    9|     ap_fifo|                                                              layer3_out|       pointer|
|layer3_out_full_n          |   in|    1|     ap_fifo|                                                              layer3_out|       pointer|
|layer3_out_write           |  out|    1|     ap_fifo|                                                              layer3_out|       pointer|
+---------------------------+-----+-----+------------+------------------------------------------------------------------------+--------------+

